2017-02-23 17:47:40
2017-02-23 17:47:52
2017-02-23 17:49:30
2017-02-23 17:49:32
2017-02-23 17:49:33
2017-02-23 17:49:33
2017-02-23 17:49:38
2017-02-23 17:49:41
2017-02-23 17:49:42
2017-02-23 17:49:43
2017-02-23 17:49:43
2017-02-23 17:49:43
2017-02-23 17:49:43
2017-02-23 17:49:43
2017-02-23 17:49:43
2017-02-23 17:49:43
2017-02-23 17:49:44
2017-02-23 17:49:44
2017-02-23 17:50:41
2017-02-23 17:51:16
2017-02-23 17:51:17
2017-02-23 17:51:18
2017-02-23 17:51:51
2017-02-23 17:51:52
2017-02-23 17:51:52
2017-02-23 17:51:52
2017-02-23 19:56:06
2017-02-23 19:56:27
2017-02-23 19:56:28
2017-02-23 19:56:29
2017-02-23 19:56:29
2017-02-23 19:56:29
2017-02-23 19:56:29
2017-02-23 19:56:30
2017-02-23 19:56:30
